Microchip MPLAB XC8 Compiler V2.30

Linker command line:

-W-3 --edf=C:\Program Files\Microchip\xc8\v2.30\pic\dat\en_msgs.txt -cn \
  -h+dist/default/production\key_protector_1.X.production.sym \
  --cmf=dist/default/production\key_protector_1.X.production.cmf -z \
  -Q16LF15313 -oC:\Users\polak\AppData\Local\Temp\sdqgx2 \
  --defsym=__MPLAB_BUILD=1 \
  -Mdist/default/production/key_protector_1.X.production.map -E1 \
  -ver=XC8 Compiler --acfsm=1493 -ASTACK=0201Ah-020EFh -pstack=STACK \
  -ACODE=00h-07FFh -ASTRCODE=00h-07FFh -ASTRING=00h-0FFhx8 \
  -ACONST=00h-0FFhx8 -AENTRY=00h-0FFhx8 -ACOMMON=070h-07Fh \
  -ABANK0=020h-06Fh -ABANK1=0A0h-0EFh -ABANK2=0120h-016Fh \
  -ABIGRAM=02000h-020EFh -ARAM=020h-06Fh,0A0h-0EFh,0120h-016Fh \
  -AABS1=020h-07Fh,0A0h-0EFh,0120h-016Fh -ASFR0=00h-01Fh -ASFR1=080h-09Fh \
  -ASFR2=0100h-011Fh -ASFR3=0180h-01EFh -ASFR4=0200h-026Fh \
  -ASFR5=0280h-02EFh -ASFR6=0300h-036Fh -ASFR7=0380h-03EFh \
  -ASFR8=0400h-046Fh -ASFR9=0480h-04EFh -ASFR10=0500h-056Fh \
  -ASFR11=0580h-05EFh -ASFR12=0600h-066Fh -ASFR13=0680h-06EFh \
  -ASFR14=0700h-076Fh -ASFR15=0780h-07EFh -ASFR16=0800h-086Fh \
  -ASFR17=0880h-08EFh -ASFR18=0900h-096Fh -ASFR19=0980h-09EFh \
  -ASFR20=0A00h-0A6Fh -ASFR21=0A80h-0AEFh -ASFR22=0B00h-0B6Fh \
  -ASFR23=0B80h-0BEFh -ASFR24=0C00h-0C6Fh -ASFR25=0C80h-0CEFh \
  -ASFR26=0D00h-0D6Fh -ASFR27=0D80h-0DEFh -ASFR28=0E00h-0E6Fh \
  -ASFR29=0E80h-0EEFh -ASFR30=0F00h-0F6Fh -ASFR31=0F80h-0FEFh \
  -ASFR32=01000h-0106Fh -ASFR33=01080h-010EFh -ASFR34=01100h-0116Fh \
  -ASFR35=01180h-011EFh -ASFR36=01200h-0126Fh -ASFR37=01280h-012EFh \
  -ASFR38=01300h-0136Fh -ASFR39=01380h-013EFh -ASFR40=01400h-0146Fh \
  -ASFR41=01480h-014EFh -ASFR42=01500h-0156Fh -ASFR43=01580h-015EFh \
  -ASFR44=01600h-0166Fh -ASFR45=01680h-016EFh -ASFR46=01700h-0176Fh \
  -ASFR47=01780h-017EFh -ASFR48=01800h-0186Fh -ASFR49=01880h-018EFh \
  -ASFR50=01900h-0196Fh -ASFR51=01980h-019EFh -ASFR52=01A00h-01A6Fh \
  -ASFR53=01A80h-01AEFh -ASFR54=01B00h-01B6Fh -ASFR55=01B80h-01BEFh \
  -ASFR56=01C00h-01C6Fh -ASFR57=01C80h-01CEFh -ASFR58=01D00h-01D6Fh \
  -ASFR59=01D80h-01DEFh -ASFR60=01E00h-01E6Fh -ASFR61=01E80h-01EEFh \
  -ASFR62=01F00h-01F6Fh -ASFR63=01F80h-01FEFh -ACONFIG=08007h-0800Bh \
  -DCONFIG=2 -AIDLOC=08000h-08003h -DIDLOC=2 -DCODE=2 -DSTRCODE=2 \
  -DSTRING=2 -DCONST=2 -DENTRY=2 -preset_vec=00h,intentry=04h,init,end_init \
  -ppowerup=CODE -pcinit=CODE -pfunctab=ENTRY -k \
  C:\Users\polak\AppData\Local\Temp\sdqgxb.o \
  dist/default/production\key_protector_1.X.production.o 

Object code version is 3.11

Machine type is 16LF15313



                Name                               Link     Load   Length Selector   Space Scale
C:\Users\polak\AppData\Local\Temp\sdqgxb.o
                end_init                             20       20        1        8       0
                reset_vec                             0        0        1        0       0
                config                             8007     8007        5        0       4
dist/default/production\key_protector_1.X.production.o
                cinit                                21       21       18        8       0
                intentry                              4        4       1C        8       0
                config                             8007     8007        5        0       4
                text34                              2A7      2A7        4      53C       0
                text33                              268      268        9      3B8       0
                text32                              2B7      2B7        3      53C       0
                text31                              2B4      2B4        3      53C       0
                text30                              23F      23F        D      3B8       0
                text29                              1FD      1FD        E      3B8       0
                text28                              232      232        D      3B8       0
                text27                              293      293        6      4F2       0
                text26                              24C      24C        A      3B8       0
                text25                              225      225        D      3B8       0
                text24                              14A      14A       1F        8       0
                text22                              28D      28D        6      4F2       0
                text21                              218      218        D      3B8       0
                text20                              2A3      2A3        4      53C       0
                text19                              25F      25F        9      3B8       0
                text18                              2B1      2B1        3      53C       0
                text17                              2AE      2AE        3      53C       0
                text16                              20B      20B        D      3B8       0
                text15                              256      256        9      3B8       0
                text14                              185      185       17        8       0
                text13                              279      279        8      4F2       0
                text12                              1B2      1B2       16        8       0
                text11                              287      287        6      4F2       0
                text10                              169      169       1C        8       0
                text9                               1ED      1ED       10      3B8       0
                text8                               2AB      2AB        3      53C       0
                text7                                BC       BC       2A        8       0
                text6                                39       39       50        8       0
                text5                               29E      29E        5      53C       0
                text4                               19C      19C       16        8       0
                text3                                E6       E6       26        8       0
                text2                               12B      12B       1F        8       0
                text1                               10C      10C       1F        8       0
                maintext                             89       89       33        8       0
                cstackCOMMON                         70       70        D       70       1
                inittext                            281      281        6      4F2       0
                dataBANK0                            20       20       11       20       1
                bssBANK0                             31       31        5       20       1
                dataCOMMON                           7D       7D        1       70       1
                stringtext3                         299      299        5      532       0
                nvBANK0                              36       36        4       20       1
                stringtext2                         271      271        8      4E2       0
                stringtext1                         1C8      1C8       14      390       0
                idataBANK0                          1DC      1DC       11      3B8       0
                idataCOMMON                         2BA      2BA        1      53C       0

TOTAL           Name                               Link     Load   Length     Space
        CLASS   STACK          

        CLASS   CODE           
                end_init                             20       20        1         0
                cinit                                21       21       18         0
                intentry                              4        4       1C         0
                reset_vec                             0        0        1         0
                text34                              2A7      2A7        4         0
                text33                              268      268        9         0
                text32                              2B7      2B7        3         0
                text31                              2B4      2B4        3         0
                text30                              23F      23F        D         0
                text29                              1FD      1FD        E         0
                text28                              232      232        D         0
                text27                              293      293        6         0
                text26                              24C      24C        A         0
                text25                              225      225        D         0
                text24                              14A      14A       1F         0
                text22                              28D      28D        6         0
                text21                              218      218        D         0
                text20                              2A3      2A3        4         0
                text19                              25F      25F        9         0
                text18                              2B1      2B1        3         0
                text17                              2AE      2AE        3         0
                text16                              20B      20B        D         0
                text15                              256      256        9         0
                text14                              185      185       17         0
                text13                              279      279        8         0
                text12                              1B2      1B2       16         0
                text11                              287      287        6         0
                text10                              169      169       1C         0
                text9                               1ED      1ED       10         0
                text8                               2AB      2AB        3         0
                text7                                BC       BC       2A         0
                text6                                39       39       50         0
                text5                               29E      29E        5         0
                text4                               19C      19C       16         0
                text3                                E6       E6       26         0
                text2                               12B      12B       1F         0
                text1                               10C      10C       1F         0
                maintext                             89       89       33         0
                inittext                            281      281        6         0
                idataBANK0                          1DC      1DC       11         0
                idataCOMMON                         2BA      2BA        1         0

        CLASS   STRCODE        
                stringtext3                         299      299        5         0
                stringtext2                         271      271        8         0
                stringtext1                         1C8      1C8       14         0

        CLASS   STRING         

        CLASS   CONST          

        CLASS   ENTRY          

        CLASS   COMMON         
                cstackCOMMON                         70       70        D         1
                dataCOMMON                           7D       7D        1         1

        CLASS   BANK0          
                dataBANK0                            20       20       11         1
                bssBANK0                             31       31        5         1
                nvBANK0                              36       36        4         1

        CLASS   BANK1          

        CLASS   BANK2          

        CLASS   BIGRAM         

        CLASS   RAM            

        CLASS   ABS1           
                abs_s1                               7E       7E        2         1

        CLASS   SFR0           

        CLASS   SFR1           

        CLASS   SFR2           

        CLASS   SFR3           

        CLASS   SFR4           

        CLASS   SFR5           

        CLASS   SFR6           

        CLASS   SFR7           

        CLASS   SFR8           

        CLASS   SFR9           

        CLASS   SFR10          

        CLASS   SFR11          

        CLASS   SFR12          

        CLASS   SFR13          

        CLASS   SFR14          

        CLASS   SFR15          

        CLASS   SFR16          

        CLASS   SFR17          

        CLASS   SFR18          

        CLASS   SFR19          

        CLASS   SFR20          

        CLASS   SFR21          

        CLASS   SFR22          

        CLASS   SFR23          

        CLASS   SFR24          

        CLASS   SFR25          

        CLASS   SFR26          

        CLASS   SFR27          

        CLASS   SFR28          

        CLASS   SFR29          

        CLASS   SFR30          

        CLASS   SFR31          

        CLASS   SFR32          

        CLASS   SFR33          

        CLASS   SFR34          

        CLASS   SFR35          

        CLASS   SFR36          

        CLASS   SFR37          

        CLASS   SFR38          

        CLASS   SFR39          

        CLASS   SFR40          

        CLASS   SFR41          

        CLASS   SFR42          

        CLASS   SFR43          

        CLASS   SFR44          

        CLASS   SFR45          

        CLASS   SFR46          

        CLASS   SFR47          

        CLASS   SFR48          

        CLASS   SFR49          

        CLASS   SFR50          

        CLASS   SFR51          

        CLASS   SFR52          

        CLASS   SFR53          

        CLASS   SFR54          

        CLASS   SFR55          

        CLASS   SFR56          

        CLASS   SFR57          

        CLASS   SFR58          

        CLASS   SFR59          

        CLASS   SFR60          

        CLASS   SFR61          

        CLASS   SFR62          

        CLASS   SFR63          

        CLASS   CONFIG         
                config                             8007     8007        5         4

        CLASS   IDLOC          

        CLASS   BANK63         

        CLASS   BANK62         

        CLASS   BANK61         

        CLASS   BANK60         

        CLASS   BANK59         

        CLASS   BANK58         

        CLASS   BANK57         

        CLASS   BANK56         

        CLASS   BANK55         

        CLASS   BANK54         

        CLASS   BANK53         

        CLASS   BANK52         

        CLASS   BANK51         

        CLASS   BANK50         

        CLASS   BANK49         

        CLASS   BANK48         

        CLASS   BANK47         

        CLASS   BANK46         

        CLASS   BANK45         

        CLASS   BANK44         

        CLASS   BANK43         

        CLASS   BANK42         

        CLASS   BANK41         

        CLASS   BANK40         

        CLASS   BANK39         

        CLASS   BANK38         

        CLASS   BANK37         

        CLASS   BANK36         

        CLASS   BANK35         

        CLASS   BANK34         

        CLASS   BANK33         

        CLASS   BANK32         

        CLASS   BANK31         

        CLASS   BANK30         

        CLASS   BANK29         

        CLASS   BANK28         

        CLASS   BANK27         

        CLASS   BANK26         

        CLASS   BANK25         

        CLASS   BANK24         

        CLASS   BANK23         

        CLASS   BANK22         

        CLASS   BANK21         

        CLASS   BANK20         

        CLASS   BANK19         

        CLASS   BANK18         

        CLASS   BANK17         

        CLASS   BANK16         

        CLASS   BANK15         

        CLASS   BANK14         

        CLASS   BANK13         

        CLASS   BANK12         

        CLASS   BANK11         

        CLASS   BANK10         

        CLASS   BANK9          

        CLASS   BANK8          

        CLASS   BANK7          

        CLASS   BANK6          

        CLASS   BANK5          

        CLASS   BANK4          

        CLASS   BANK3          

        CLASS   EEDATA         



SEGMENTS        Name                           Load    Length   Top    Selector   Space  Class     Delta

                reset_vec                      000000  000001  000001         0       0  CODE        2
                intentry                       000004  0001C4  0001C8         8       0  CODE        2
                dataBANK0                      000020  00001A  00003A        20       1  BANK0       1
                cstackCOMMON                   000070  00000E  00007E        70       1  COMMON      1
                stringtext1                    0001C8  000014  0001DC       390       0  STRCODE     2
                idataBANK0                     0001DC  000095  000271       3B8       0  CODE        2
                stringtext2                    000271  000008  000279       4E2       0  STRCODE     2
                text13                         000279  000020  000299       4F2       0  CODE        2
                stringtext3                    000299  000005  00029E       532       0  STRCODE     2
                text5                          00029E  00001D  0002BB       53C       0  CODE        2


UNUSED ADDRESS RANGES

        Name                Unused          Largest block    Delta
        BANK0            0003A-0006F              36           1
        BANK1            000A0-000EF              50           1
        BANK2            00120-0016F              50           1
        BIGRAM           02000-020EF              F0           1
        CODE             00001-00003               3           2
                         002BB-007FF             545
        CONST            00001-00003               3           2
                         002BB-007FF             100
        ENTRY            00001-00003               3           2
                         002BB-007FF             100
        IDLOC            08000-08003               4           2
        RAM              0003A-0006F              36           1
                         000A0-000EF              50
                         00120-0016F              50
        SFR0             00000-0001F              20           1
        SFR1             00080-0009F              20           1
        SFR10            00500-0056F              70           1
        SFR11            00580-005EF              70           1
        SFR12            00600-0066F              70           1
        SFR13            00680-006EF              70           1
        SFR14            00700-0076F              70           1
        SFR15            00780-007EF              70           1
        SFR16            00800-0086F              70           1
        SFR17            00880-008EF              70           1
        SFR18            00900-0096F              70           1
        SFR19            00980-009EF              70           1
        SFR2             00100-0011F              20           1
        SFR20            00A00-00A6F              70           1
        SFR21            00A80-00AEF              70           1
        SFR22            00B00-00B6F              70           1
        SFR23            00B80-00BEF              70           1
        SFR24            00C00-00C6F              70           1
        SFR25            00C80-00CEF              70           1
        SFR26            00D00-00D6F              70           1
        SFR27            00D80-00DEF              70           1
        SFR28            00E00-00E6F              70           1
        SFR29            00E80-00EEF              70           1
        SFR3             00180-001EF              70           1
        SFR30            00F00-00F6F              70           1
        SFR31            00F80-00FEF              70           1
        SFR32            01000-0106F              70           1
        SFR33            01080-010EF              70           1
        SFR34            01100-0116F              70           1
        SFR35            01180-011EF              70           1
        SFR36            01200-0126F              70           1
        SFR37            01280-012EF              70           1
        SFR38            01300-0136F              70           1
        SFR39            01380-013EF              70           1
        SFR4             00200-0026F              70           1
        SFR40            01400-0146F              70           1
        SFR41            01480-014EF              70           1
        SFR42            01500-0156F              70           1
        SFR43            01580-015EF              70           1
        SFR44            01600-0166F              70           1
        SFR45            01680-016EF              70           1
        SFR46            01700-0176F              70           1
        SFR47            01780-017EF              70           1
        SFR48            01800-0186F              70           1
        SFR49            01880-018EF              70           1
        SFR5             00280-002EF              70           1
        SFR50            01900-0196F              70           1
        SFR51            01980-019EF              70           1
        SFR52            01A00-01A6F              70           1
        SFR53            01A80-01AEF              70           1
        SFR54            01B00-01B6F              70           1
        SFR55            01B80-01BEF              70           1
        SFR56            01C00-01C6F              70           1
        SFR57            01C80-01CEF              70           1
        SFR58            01D00-01D6F              70           1
        SFR59            01D80-01DEF              70           1
        SFR6             00300-0036F              70           1
        SFR60            01E00-01E6F              70           1
        SFR61            01E80-01EEF              70           1
        SFR62            01F00-01F6F              70           1
        SFR63            01F80-01FEF              70           1
        SFR7             00380-003EF              70           1
        SFR8             00400-0046F              70           1
        SFR9             00480-004EF              70           1
        STACK            0201A-020EF              D6           1
        STRCODE          00001-00003               3           2
                         002BB-007FF             545
        STRING           00001-00003               3           2
                         002BB-007FF             100

                                  Symbol Table

INT_SetInterruptHandler@InterruptHandler  cstackCOMMON 00070
LIS3D_write_register@address              cstackCOMMON 00079
LIS3D_write_register@buffer               cstackCOMMON 0007A
LIS3D_write_register@value                cstackCOMMON 00077
SPI1_ExchangeBlock@block                  cstackCOMMON 00070
SPI1_ExchangeBlock@blockSize              cstackCOMMON 00071
SPI1_ExchangeBlock@data                   cstackCOMMON 00074
SPI1_Open@spi1UniqueConfiguration         cstackCOMMON 00073
TMR0_SetInterruptHandler@InterruptHandler cstackCOMMON 00070
_ANSELA                                   (abs)        01F38
_CountCallBack                            bssBANK0     00031
_EXT_INT_Initialize                       text21       00218
_INLVLA                                   (abs)        01F3C
_INTCONbits                               (abs)        0000B
_INTERRUPT_InterruptManager               intentry     00004
_INTPPS                                   (abs)        01E90
_INT_CallBack                             text28       00232
_INT_DefaultInterruptHandler              text29       001FD
_INT_ISR                                  text27       00293
_INT_InterruptHandler                     bssBANK0     00033
_INT_SetInterruptHandler                  text22       0028D
_LATA                                     (abs)        00018
_LATAbits                                 (abs)        00018
_LIS3D_write_register                     text3        000E6
_MASTER0_open                             text5        0029E
_ODCONA                                   (abs)        01F3A
_OSCCON1                                  (abs)        0088D
_OSCCON3                                  (abs)        0088F
_OSCEN                                    (abs)        00891
_OSCFRQ                                   (abs)        00893
_OSCILLATOR_Initialize                    text15       00256
_OSCSTAT                                  (abs)        00890
_OSCTUNE                                  (abs)        00892
_PIE0bits                                 (abs)        00716
_PIN_MANAGER_Initialize                   text14       00185
_PIR0bits                                 (abs)        0070C
_PIR3bits                                 (abs)        0070F
_PMD0                                     (abs)        00796
_PMD1                                     (abs)        00797
_PMD2                                     (abs)        00798
_PMD3                                     (abs)        00799
_PMD4                                     (abs)        0079A
_PMD5                                     (abs)        0079B
_PMD_Initialize                           text13       00279
_PORTA                                    (abs)        0000C
_RA0PPS                                   (abs)        01F10
_RA1PPS                                   (abs)        01F11
_Reset_Count_Callback                     text20       002A3
_Reset_Timer                              text16       0020B
_SLRCONA                                  (abs)        01F3B
_SPI1_Close                               text8        002AB
_SPI1_ExchangeBlock                       text7        000BC
_SPI1_ExchangeByte                        (abs)        00000
_SPI1_Initialize                          text12       001B2
_SPI1_Open                                text6        00039
_SPI1_ReadBlock                           (abs)        00000
_SPI1_ReadByte                            (abs)        00000
_SPI1_WriteBlock                          (abs)        00000
_SPI1_WriteByte                           (abs)        00000
_SSP1ADD                                  (abs)        0018D
_SSP1BUF                                  (abs)        0018C
_SSP1CLKPPS                               (abs)        01EC5
_SSP1CON1                                 (abs)        00190
_SSP1CON1bits                             (abs)        00190
_SSP1CON2                                 (abs)        00191
_SSP1DATPPS                               (abs)        01EC6
_SSP1STAT                                 (abs)        0018F
_SYSTEM_Initialize                        text9        001ED
_T0CON0                                   (abs)        0059E
_T0CON0bits                               (abs)        0059E
_T0CON1                                   (abs)        0059F
_TMR0H                                    (abs)        0059D
_TMR0L                                    (abs)        0059C
_TMR0_CallBack                            text25       00225
_TMR0_DefaultInterruptHandler             text26       0024C
_TMR0_ISR                                 text24       0014A
_TMR0_Initialize                          text10       00169
_TMR0_InterruptHandler                    nvBANK0      00036
_TMR0_Reload                              text19       0025F
_TMR0_SetInterruptHandler                 text11       00287
_TMR0_StartTimer                          text18       002B1
_TMR0_StopTimer                           text17       002AE
_TRISA                                    (abs)        00012
_TRISAbits                                (abs)        00012
_WPUA                                     (abs)        01F39
__Habs1                                   abs1         00000
__Hbank0                                  bank0        00000
__Hbank1                                  bank1        00000
__Hbank10                                 bank10       00000
__Hbank11                                 bank11       00000
__Hbank12                                 bank12       00000
__Hbank13                                 bank13       00000
__Hbank14                                 bank14       00000
__Hbank15                                 bank15       00000
__Hbank16                                 bank16       00000
__Hbank17                                 bank17       00000
__Hbank18                                 bank18       00000
__Hbank19                                 bank19       00000
__Hbank2                                  bank2        00000
__Hbank20                                 bank20       00000
__Hbank21                                 bank21       00000
__Hbank22                                 bank22       00000
__Hbank23                                 bank23       00000
__Hbank24                                 bank24       00000
__Hbank25                                 bank25       00000
__Hbank26                                 bank26       00000
__Hbank27                                 bank27       00000
__Hbank28                                 bank28       00000
__Hbank29                                 bank29       00000
__Hbank3                                  bank3        00000
__Hbank30                                 bank30       00000
__Hbank31                                 bank31       00000
__Hbank32                                 bank32       00000
__Hbank33                                 bank33       00000
__Hbank34                                 bank34       00000
__Hbank35                                 bank35       00000
__Hbank36                                 bank36       00000
__Hbank37                                 bank37       00000
__Hbank38                                 bank38       00000
__Hbank39                                 bank39       00000
__Hbank4                                  bank4        00000
__Hbank40                                 bank40       00000
__Hbank41                                 bank41       00000
__Hbank42                                 bank42       00000
__Hbank43                                 bank43       00000
__Hbank44                                 bank44       00000
__Hbank45                                 bank45       00000
__Hbank46                                 bank46       00000
__Hbank47                                 bank47       00000
__Hbank48                                 bank48       00000
__Hbank49                                 bank49       00000
__Hbank5                                  bank5        00000
__Hbank50                                 bank50       00000
__Hbank51                                 bank51       00000
__Hbank52                                 bank52       00000
__Hbank53                                 bank53       00000
__Hbank54                                 bank54       00000
__Hbank55                                 bank55       00000
__Hbank56                                 bank56       00000
__Hbank57                                 bank57       00000
__Hbank58                                 bank58       00000
__Hbank59                                 bank59       00000
__Hbank6                                  bank6        00000
__Hbank60                                 bank60       00000
__Hbank61                                 bank61       00000
__Hbank62                                 bank62       00000
__Hbank63                                 bank63       00000
__Hbank7                                  bank7        00000
__Hbank8                                  bank8        00000
__Hbank9                                  bank9        00000
__Hbigram                                 bigram       00000
__HbssBANK0                               bssBANK0     00000
__Hcinit                                  cinit        00039
__Hclrtext                                clrtext      00000
__Hcode                                   code         00000
__Hcommon                                 common       00000
__Hconfig                                 config       0800C
__HcstackCOMMON                           cstackCOMMON 00000
__HdataBANK0                              dataBANK0    00000
__HdataCOMMON                             dataCOMMON   00000
__Heeprom_data                            eeprom_data  00000
__Hend_init                               end_init     00021
__Hfunctab                                functab      00000
__HidataBANK0                             idataBANK0   00000
__HidataCOMMON                            idataCOMMON  00000
__Hinit                                   init         00020
__Hinittext                               inittext     00000
__Hintentry                               intentry     00020
__Hmaintext                               maintext     00000
__HnvBANK0                                nvBANK0      00000
__Hpowerup                                powerup      00000
__Hram                                    ram          00000
__Hreset_vec                              reset_vec    00001
__Hsfr0                                   sfr0         00000
__Hsfr1                                   sfr1         00000
__Hsfr10                                  sfr10        00000
__Hsfr11                                  sfr11        00000
__Hsfr12                                  sfr12        00000
__Hsfr13                                  sfr13        00000
__Hsfr14                                  sfr14        00000
__Hsfr15                                  sfr15        00000
__Hsfr16                                  sfr16        00000
__Hsfr17                                  sfr17        00000
__Hsfr18                                  sfr18        00000
__Hsfr19                                  sfr19        00000
__Hsfr2                                   sfr2         00000
__Hsfr20                                  sfr20        00000
__Hsfr21                                  sfr21        00000
__Hsfr22                                  sfr22        00000
__Hsfr23                                  sfr23        00000
__Hsfr24                                  sfr24        00000
__Hsfr25                                  sfr25        00000
__Hsfr26                                  sfr26        00000
__Hsfr27                                  sfr27        00000
__Hsfr28                                  sfr28        00000
__Hsfr29                                  sfr29        00000
__Hsfr3                                   sfr3         00000
__Hsfr30                                  sfr30        00000
__Hsfr31                                  sfr31        00000
__Hsfr32                                  sfr32        00000
__Hsfr33                                  sfr33        00000
__Hsfr34                                  sfr34        00000
__Hsfr35                                  sfr35        00000
__Hsfr36                                  sfr36        00000
__Hsfr37                                  sfr37        00000
__Hsfr38                                  sfr38        00000
__Hsfr39                                  sfr39        00000
__Hsfr4                                   sfr4         00000
__Hsfr40                                  sfr40        00000
__Hsfr41                                  sfr41        00000
__Hsfr42                                  sfr42        00000
__Hsfr43                                  sfr43        00000
__Hsfr44                                  sfr44        00000
__Hsfr45                                  sfr45        00000
__Hsfr46                                  sfr46        00000
__Hsfr47                                  sfr47        00000
__Hsfr48                                  sfr48        00000
__Hsfr49                                  sfr49        00000
__Hsfr5                                   sfr5         00000
__Hsfr50                                  sfr50        00000
__Hsfr51                                  sfr51        00000
__Hsfr52                                  sfr52        00000
__Hsfr53                                  sfr53        00000
__Hsfr54                                  sfr54        00000
__Hsfr55                                  sfr55        00000
__Hsfr56                                  sfr56        00000
__Hsfr57                                  sfr57        00000
__Hsfr58                                  sfr58        00000
__Hsfr59                                  sfr59        00000
__Hsfr6                                   sfr6         00000
__Hsfr60                                  sfr60        00000
__Hsfr61                                  sfr61        00000
__Hsfr62                                  sfr62        00000
__Hsfr63                                  sfr63        00000
__Hsfr7                                   sfr7         00000
__Hsfr8                                   sfr8         00000
__Hsfr9                                   sfr9         00000
__Hspace_0                                (abs)        002BB
__Hspace_1                                (abs)        0007E
__Hspace_2                                (abs)        00000
__Hspace_3                                (abs)        00000
__Hspace_4                                (abs)        10013
__Hstack                                  stack        00000
__Hstrings                                strings      00000
__Hstringtext1                            stringtext1  00000
__Hstringtext2                            stringtext2  00000
__Hstringtext3                            stringtext3  00000
__Hstringtext4                            stringtext4  00000
__Htext                                   text         00000
__Labs1                                   abs1         00000
__Lbank0                                  bank0        00000
__Lbank1                                  bank1        00000
__Lbank10                                 bank10       00000
__Lbank11                                 bank11       00000
__Lbank12                                 bank12       00000
__Lbank13                                 bank13       00000
__Lbank14                                 bank14       00000
__Lbank15                                 bank15       00000
__Lbank16                                 bank16       00000
__Lbank17                                 bank17       00000
__Lbank18                                 bank18       00000
__Lbank19                                 bank19       00000
__Lbank2                                  bank2        00000
__Lbank20                                 bank20       00000
__Lbank21                                 bank21       00000
__Lbank22                                 bank22       00000
__Lbank23                                 bank23       00000
__Lbank24                                 bank24       00000
__Lbank25                                 bank25       00000
__Lbank26                                 bank26       00000
__Lbank27                                 bank27       00000
__Lbank28                                 bank28       00000
__Lbank29                                 bank29       00000
__Lbank3                                  bank3        00000
__Lbank30                                 bank30       00000
__Lbank31                                 bank31       00000
__Lbank32                                 bank32       00000
__Lbank33                                 bank33       00000
__Lbank34                                 bank34       00000
__Lbank35                                 bank35       00000
__Lbank36                                 bank36       00000
__Lbank37                                 bank37       00000
__Lbank38                                 bank38       00000
__Lbank39                                 bank39       00000
__Lbank4                                  bank4        00000
__Lbank40                                 bank40       00000
__Lbank41                                 bank41       00000
__Lbank42                                 bank42       00000
__Lbank43                                 bank43       00000
__Lbank44                                 bank44       00000
__Lbank45                                 bank45       00000
__Lbank46                                 bank46       00000
__Lbank47                                 bank47       00000
__Lbank48                                 bank48       00000
__Lbank49                                 bank49       00000
__Lbank5                                  bank5        00000
__Lbank50                                 bank50       00000
__Lbank51                                 bank51       00000
__Lbank52                                 bank52       00000
__Lbank53                                 bank53       00000
__Lbank54                                 bank54       00000
__Lbank55                                 bank55       00000
__Lbank56                                 bank56       00000
__Lbank57                                 bank57       00000
__Lbank58                                 bank58       00000
__Lbank59                                 bank59       00000
__Lbank6                                  bank6        00000
__Lbank60                                 bank60       00000
__Lbank61                                 bank61       00000
__Lbank62                                 bank62       00000
__Lbank63                                 bank63       00000
__Lbank7                                  bank7        00000
__Lbank8                                  bank8        00000
__Lbank9                                  bank9        00000
__Lbigram                                 bigram       00000
__LbssBANK0                               bssBANK0     00000
__Lcinit                                  cinit        00021
__Lclrtext                                clrtext      00000
__Lcode                                   code         00000
__Lcommon                                 common       00000
__Lconfig                                 config       00000
__LcstackCOMMON                           cstackCOMMON 00000
__LdataBANK0                              dataBANK0    00000
__LdataCOMMON                             dataCOMMON   00000
__Leeprom_data                            eeprom_data  00000
__Lend_init                               end_init     00020
__Lfunctab                                functab      00000
__LidataBANK0                             idataBANK0   00000
__LidataCOMMON                            idataCOMMON  00000
__Linit                                   init         00020
__Linittext                               inittext     00000
__Lintentry                               intentry     00004
__Lmaintext                               maintext     00000
__LnvBANK0                                nvBANK0      00000
__Lpowerup                                powerup      00000
__Lram                                    ram          00000
__Lreset_vec                              reset_vec    00000
__Lsfr0                                   sfr0         00000
__Lsfr1                                   sfr1         00000
__Lsfr10                                  sfr10        00000
__Lsfr11                                  sfr11        00000
__Lsfr12                                  sfr12        00000
__Lsfr13                                  sfr13        00000
__Lsfr14                                  sfr14        00000
__Lsfr15                                  sfr15        00000
__Lsfr16                                  sfr16        00000
__Lsfr17                                  sfr17        00000
__Lsfr18                                  sfr18        00000
__Lsfr19                                  sfr19        00000
__Lsfr2                                   sfr2         00000
__Lsfr20                                  sfr20        00000
__Lsfr21                                  sfr21        00000
__Lsfr22                                  sfr22        00000
__Lsfr23                                  sfr23        00000
__Lsfr24                                  sfr24        00000
__Lsfr25                                  sfr25        00000
__Lsfr26                                  sfr26        00000
__Lsfr27                                  sfr27        00000
__Lsfr28                                  sfr28        00000
__Lsfr29                                  sfr29        00000
__Lsfr3                                   sfr3         00000
__Lsfr30                                  sfr30        00000
__Lsfr31                                  sfr31        00000
__Lsfr32                                  sfr32        00000
__Lsfr33                                  sfr33        00000
__Lsfr34                                  sfr34        00000
__Lsfr35                                  sfr35        00000
__Lsfr36                                  sfr36        00000
__Lsfr37                                  sfr37        00000
__Lsfr38                                  sfr38        00000
__Lsfr39                                  sfr39        00000
__Lsfr4                                   sfr4         00000
__Lsfr40                                  sfr40        00000
__Lsfr41                                  sfr41        00000
__Lsfr42                                  sfr42        00000
__Lsfr43                                  sfr43        00000
__Lsfr44                                  sfr44        00000
__Lsfr45                                  sfr45        00000
__Lsfr46                                  sfr46        00000
__Lsfr47                                  sfr47        00000
__Lsfr48                                  sfr48        00000
__Lsfr49                                  sfr49        00000
__Lsfr5                                   sfr5         00000
__Lsfr50                                  sfr50        00000
__Lsfr51                                  sfr51        00000
__Lsfr52                                  sfr52        00000
__Lsfr53                                  sfr53        00000
__Lsfr54                                  sfr54        00000
__Lsfr55                                  sfr55        00000
__Lsfr56                                  sfr56        00000
__Lsfr57                                  sfr57        00000
__Lsfr58                                  sfr58        00000
__Lsfr59                                  sfr59        00000
__Lsfr6                                   sfr6         00000
__Lsfr60                                  sfr60        00000
__Lsfr61                                  sfr61        00000
__Lsfr62                                  sfr62        00000
__Lsfr63                                  sfr63        00000
__Lsfr7                                   sfr7         00000
__Lsfr8                                   sfr8         00000
__Lsfr9                                   sfr9         00000
__Lspace_0                                (abs)        00000
__Lspace_1                                (abs)        00000
__Lspace_2                                (abs)        00000
__Lspace_3                                (abs)        00000
__Lspace_4                                (abs)        00000
__Lstack                                  stack        00000
__Lstrings                                strings      00000
__Lstringtext1                            stringtext1  00000
__Lstringtext2                            stringtext2  00000
__Lstringtext3                            stringtext3  00000
__Lstringtext4                            stringtext4  00000
__Ltext                                   text         00000
__S0                                      (abs)        002BB
__S1                                      (abs)        0007E
__S2                                      (abs)        00000
___int_sp                                 stack        00000
___latbits                                (abs)        00000
___sp                                     stack        00000
___stackhi                                (abs)        020EF
___stacklo                                (abs)        0201A
__end_of_EXT_INT_Initialize               text21       00225
__end_of_INTERRUPT_InterruptManager       intentry     00020
__end_of_INT_CallBack                     text28       0023F
__end_of_INT_DefaultInterruptHandler      text29       0020B
__end_of_INT_ISR                          text27       00299
__end_of_INT_SetInterruptHandler          text22       00293
__end_of_LIS3D_write_register             text3        0010C
__end_of_MASTER0_open                     text5        002A3
__end_of_OSCILLATOR_Initialize            text15       0025F
__end_of_PIN_MANAGER_Initialize           text14       0019C
__end_of_PMD_Initialize                   text13       00281
__end_of_Reset_Count_Callback             text20       002A7
__end_of_Reset_Timer                      text16       00218
__end_of_SPI1_Close                       text8        002AE
__end_of_SPI1_ExchangeBlock               text7        000E6
__end_of_SPI1_Initialize                  text12       001C8
__end_of_SPI1_Open                        text6        00089
__end_of_SYSTEM_Initialize                text9        001FD
__end_of_TMR0_CallBack                    text25       00232
__end_of_TMR0_DefaultInterruptHandler     text26       00256
__end_of_TMR0_ISR                         text24       00169
__end_of_TMR0_Initialize                  text10       00185
__end_of_TMR0_Reload                      text19       00268
__end_of_TMR0_SetInterruptHandler         text11       0028D
__end_of_TMR0_StartTimer                  text18       002B4
__end_of_TMR0_StopTimer                   text17       002B1
__end_of__initialization                  cinit        00036
__end_of_detect_move_config               text2        0014A
__end_of_main                             maintext     000BC
__end_of_spi1_configuration               stringtext2  00279
__end_of_spiMaster                        stringtext1  001DC
__end_of_spi_master_open                  text4        001B2
__end_of_wake_up_config                   text1        0012B
__end_ofi1_Reset_Count_Callback           text34       002AB
__end_ofi1_Reset_Timer                    text30       0024C
__end_ofi1_TMR0_Reload                    text33       00271
__end_ofi1_TMR0_StartTimer                text32       002BA
__end_ofi1_TMR0_StopTimer                 text31       002B7
__initialization                          cinit        00021
__pbssBANK0                               bssBANK0     00031
__pcstackCOMMON                           cstackCOMMON 00070
__pdataBANK0                              dataBANK0    00020
__pdataCOMMON                             dataCOMMON   0007D
__pidataBANK0                             idataBANK0   001DC
__pidataCOMMON                            idataCOMMON  002BA
__pintentry                               intentry     00004
__pmaintext                               maintext     00089
__pnvBANK0                                nvBANK0      00036
__pstringtext1                            stringtext1  001C8
__pstringtext2                            stringtext2  00271
__pstringtext3                            stringtext3  00299
__pstringtext4                            stringtext4  00000
__ptext1                                  text1        0010C
__ptext10                                 text10       00169
__ptext11                                 text11       00287
__ptext12                                 text12       001B2
__ptext13                                 text13       00279
__ptext14                                 text14       00185
__ptext15                                 text15       00256
__ptext16                                 text16       0020B
__ptext17                                 text17       002AE
__ptext18                                 text18       002B1
__ptext19                                 text19       0025F
__ptext2                                  text2        0012B
__ptext20                                 text20       002A3
__ptext21                                 text21       00218
__ptext22                                 text22       0028D
__ptext24                                 text24       0014A
__ptext25                                 text25       00225
__ptext26                                 text26       0024C
__ptext27                                 text27       00293
__ptext28                                 text28       00232
__ptext29                                 text29       001FD
__ptext3                                  text3        000E6
__ptext30                                 text30       0023F
__ptext31                                 text31       002B4
__ptext32                                 text32       002B7
__ptext33                                 text33       00268
__ptext34                                 text34       002A7
__ptext4                                  text4        0019C
__ptext5                                  text5        0029E
__ptext6                                  text6        00039
__ptext7                                  text7        000BC
__ptext8                                  text8        002AB
__ptext9                                  text9        001ED
__size_of_EXT_INT_Initialize              (abs)        00000
__size_of_INTERRUPT_InterruptManager      (abs)        00000
__size_of_INT_CallBack                    (abs)        00000
__size_of_INT_DefaultInterruptHandler     (abs)        00000
__size_of_INT_ISR                         (abs)        00000
__size_of_INT_SetInterruptHandler         (abs)        00000
__size_of_LIS3D_write_register            (abs)        00000
__size_of_MASTER0_open                    (abs)        00000
__size_of_OSCILLATOR_Initialize           (abs)        00000
__size_of_PIN_MANAGER_Initialize          (abs)        00000
__size_of_PMD_Initialize                  (abs)        00000
__size_of_Reset_Count_Callback            (abs)        00000
__size_of_Reset_Timer                     (abs)        00000
__size_of_SPI1_Close                      (abs)        00000
__size_of_SPI1_ExchangeBlock              (abs)        00000
__size_of_SPI1_Initialize                 (abs)        00000
__size_of_SPI1_Open                       (abs)        00000
__size_of_SYSTEM_Initialize               (abs)        00000
__size_of_TMR0_CallBack                   (abs)        00000
__size_of_TMR0_DefaultInterruptHandler    (abs)        00000
__size_of_TMR0_ISR                        (abs)        00000
__size_of_TMR0_Initialize                 (abs)        00000
__size_of_TMR0_Reload                     (abs)        00000
__size_of_TMR0_SetInterruptHandler        (abs)        00000
__size_of_TMR0_StartTimer                 (abs)        00000
__size_of_TMR0_StopTimer                  (abs)        00000
__size_of_detect_move_config              (abs)        00000
__size_of_main                            (abs)        00000
__size_of_spi_master_open                 (abs)        00000
__size_of_wake_up_config                  (abs)        00000
__size_ofi1_Reset_Count_Callback          (abs)        00000
__size_ofi1_Reset_Timer                   (abs)        00000
__size_ofi1_TMR0_Reload                   (abs)        00000
__size_ofi1_TMR0_StartTimer               (abs)        00000
__size_ofi1_TMR0_StopTimer                (abs)        00000
_alive                                    dataCOMMON   0007D
_buffer                                   dataBANK0    00021
_detect_move_config                       text2        0012B
_go_sleep                                 dataBANK0    00020
_main                                     maintext     00089
_spi1_configuration                       stringtext2  00271
_spi_master_open                          text4        0019C
_timer0ReloadVal16bit                     nvBANK0      00038
_wake_up                                  bssBANK0     00035
_wake_up_config                           text1        0010C
btemp                                     (abs)        0007E
end_of_initialization                     cinit        00036
i1_Reset_Count_Callback                   text34       002A7
i1_Reset_Timer                            text30       0023F
i1_TMR0_Reload                            text33       00268
i1_TMR0_StartTimer                        text32       002B7
i1_TMR0_StopTimer                         text31       002B4
init_ram                                  inittext     00281
int$flags                                 (abs)        0007E
intlevel0                                 functab      00000
intlevel1                                 functab      00000
intlevel2                                 functab      00000
intlevel3                                 functab      00000
intlevel4                                 functab      00000
intlevel5                                 functab      00000
reset_vec                                 reset_vec    00000
spi_master_open@config                    cstackCOMMON 00076
start                                     init         00020
start_initialization                      cinit        00021
wtemp0                                    (abs)        0007E


FUNCTION INFORMATION:

 *************** function _main *****************
 Defined at:
		line 89 in file "main.c"
 Parameters:    Size  Location     Type
		None
 Auto vars:     Size  Location     Type
		None
 Return value:  Size  Location     Type
                  1    wreg      void 
 Registers used:
		wreg, fsr0l, fsr0h, fsr1l, fsr1h, status,2, status,0, pclath, cstack
 Tracked objects:
		On entry : 
		On exit  : 
		Unchanged: 
 Data sizes:     COMMON   BANK0   BANK1   BANK2
      Params:         0       0       0       0
      Locals:         0       0       0       0
      Temps:          0       0       0       0
      Totals:         0       0       0       0
Total ram usage:        0 bytes
 Hardware stack levels required when called:   11
 This function calls:
		_EXT_INT_Initialize
		_Reset_Timer
		_SYSTEM_Initialize
		_TMR0_StopTimer
		_detect_move_config
		_wake_up_config
 This function is called by:
		Startup code after reset
 This function uses a non-reentrant model


 *************** function _wake_up_config *****************
 Defined at:
		line 69 in file "main.c"
 Parameters:    Size  Location     Type
		None
 Auto vars:     Size  Location     Type
		None
 Return value:  Size  Location     Type
                  1    wreg      void 
 Registers used:
		wreg, fsr0l, fsr0h, fsr1l, fsr1h, status,2, status,0, pclath, cstack
 Tracked objects:
		On entry : 
		On exit  : 
		Unchanged: 
 Data sizes:     COMMON   BANK0   BANK1   BANK2
      Params:         0       0       0       0
      Locals:         0       0       0       0
      Temps:          1       0       0       0
      Totals:         1       0       0       0
Total ram usage:        1 bytes
 Hardware stack levels used:    1
 Hardware stack levels required when called:   10
 This function calls:
		_LIS3D_write_register
 This function is called by:
		_main
 This function uses a non-reentrant model


 *************** function _detect_move_config *****************
 Defined at:
		line 77 in file "main.c"
 Parameters:    Size  Location     Type
		None
 Auto vars:     Size  Location     Type
		None
 Return value:  Size  Location     Type
                  1    wreg      void 
 Registers used:
		wreg, fsr0l, fsr0h, fsr1l, fsr1h, status,2, status,0, pclath, cstack
 Tracked objects:
		On entry : 
		On exit  : 
		Unchanged: 
 Data sizes:     COMMON   BANK0   BANK1   BANK2
      Params:         0       0       0       0
      Locals:         0       0       0       0
      Temps:          1       0       0       0
      Totals:         1       0       0       0
Total ram usage:        1 bytes
 Hardware stack levels used:    1
 Hardware stack levels required when called:   10
 This function calls:
		_LIS3D_write_register
 This function is called by:
		_main
 This function uses a non-reentrant model


 *************** function _LIS3D_write_register *****************
 Defined at:
		line 33 in file "LIS3D.c"
 Parameters:    Size  Location     Type
  address         1    wreg     unsigned char 
  value           1    7[COMMON] unsigned char 
 Auto vars:     Size  Location     Type
  address         1    9[COMMON] unsigned char 
  buffer          2   10[COMMON] unsigned char [2]
 Return value:  Size  Location     Type
                  1    wreg      _Bool 
 Registers used:
		wreg, fsr0l, fsr0h, fsr1l, fsr1h, status,2, status,0, pclath, cstack
 Tracked objects:
		On entry : 
		On exit  : 
		Unchanged: 
 Data sizes:     COMMON   BANK0   BANK1   BANK2
      Params:         1       0       0       0
      Locals:         3       0       0       0
      Temps:          1       0       0       0
      Totals:         5       0       0       0
Total ram usage:        5 bytes
 Hardware stack levels used:    1
 Hardware stack levels required when called:    9
 This function calls:
		_SPI1_Close
		_SPI1_ExchangeBlock
		_spi_master_open
 This function is called by:
		_wake_up_config
		_detect_move_config
		_double_click_config
 This function uses a non-reentrant model


 *************** function _spi_master_open *****************
 Defined at:
		line 56 in file "mcc_generated_files/drivers/spi_master.c"
 Parameters:    Size  Location     Type
  config          1    wreg     enum E377
 Auto vars:     Size  Location     Type
  config          1    6[COMMON] enum E377
 Return value:  Size  Location     Type
                  1    wreg      _Bool 
 Registers used:
		wreg, fsr0l, fsr0h, status,2, status,0, pclath, cstack
 Tracked objects:
		On entry : 
		On exit  : 
		Unchanged: 
 Data sizes:     COMMON   BANK0   BANK1   BANK2
      Params:         0       0       0       0
      Locals:         1       0       0       0
      Temps:          2       0       0       0
      Totals:         3       0       0       0
Total ram usage:        3 bytes
 Hardware stack levels used:    1
 Hardware stack levels required when called:    8
 This function calls:
		_MASTER0_open
 This function is called by:
		_LIS3D_write_register
		_SPI_Master_test
 This function uses a non-reentrant model


 *************** function _MASTER0_open *****************
 Defined at:
		line 41 in file "mcc_generated_files/drivers/spi_master.c"
 Parameters:    Size  Location     Type
		None
 Auto vars:     Size  Location     Type
		None
 Return value:  Size  Location     Type
                  1    wreg      _Bool 
 Registers used:
		wreg, fsr0l, fsr0h, status,2, status,0, pclath, cstack
 Tracked objects:
		On entry : 
		On exit  : 
		Unchanged: 
 Data sizes:     COMMON   BANK0   BANK1   BANK2
      Params:         0       0       0       0
      Locals:         0       0       0       0
      Temps:          0       0       0       0
      Totals:         0       0       0       0
Total ram usage:        0 bytes
 Hardware stack levels used:    1
 Hardware stack levels required when called:    7
 This function calls:
		_SPI1_Open
 This function is called by:
		_spi_master_open
 This function uses a non-reentrant model


 *************** function _SPI1_Open *****************
 Defined at:
		line 78 in file "mcc_generated_files/spi1.c"
 Parameters:    Size  Location     Type
  spi1UniqueCo    1    wreg     enum E355
 Auto vars:     Size  Location     Type
  spi1UniqueCo    1    3[COMMON] enum E355
 Return value:  Size  Location     Type
                  1    wreg      _Bool 
 Registers used:
		wreg, fsr0l, fsr0h, status,2, status,0, pclath
 Tracked objects:
		On entry : 
		On exit  : 
		Unchanged: 
 Data sizes:     COMMON   BANK0   BANK1   BANK2
      Params:         0       0       0       0
      Locals:         1       0       0       0
      Temps:          3       0       0       0
      Totals:         4       0       0       0
Total ram usage:        4 bytes
 Hardware stack levels used:    1
 Hardware stack levels required when called:    6
 This function calls:
		Nothing
 This function is called by:
		_MASTER0_open
 This function uses a non-reentrant model


 *************** function _SPI1_ExchangeBlock *****************
 Defined at:
		line 106 in file "mcc_generated_files/spi1.c"
 Parameters:    Size  Location     Type
  block           1    0[COMMON] PTR void 
		 -> LIS3D_write_register@buffer(2), buffer(16), 
  blockSize       2    1[COMMON] unsigned int 
 Auto vars:     Size  Location     Type
  data            1    4[COMMON] PTR unsigned char 
		 -> LIS3D_write_register@buffer(2), buffer(16), 
 Return value:  Size  Location     Type
                  1    wreg      void 
 Registers used:
		wreg, fsr1l, fsr1h, status,2, status,0
 Tracked objects:
		On entry : 
		On exit  : 
		Unchanged: 
 Data sizes:     COMMON   BANK0   BANK1   BANK2
      Params:         3       0       0       0
      Locals:         1       0       0       0
      Temps:          1       0       0       0
      Totals:         5       0       0       0
Total ram usage:        5 bytes
 Hardware stack levels used:    1
 Hardware stack levels required when called:    6
 This function calls:
		Nothing
 This function is called by:
		_LIS3D_write_register
		_SPI_Master_test
 This function uses a non-reentrant model


 *************** function _SPI1_Close *****************
 Defined at:
		line 93 in file "mcc_generated_files/spi1.c"
 Parameters:    Size  Location     Type
		None
 Auto vars:     Size  Location     Type
		None
 Return value:  Size  Location     Type
                  1    wreg      void 
 Registers used:
		None
 Tracked objects:
		On entry : 
		On exit  : 
		Unchanged: 
 Data sizes:     COMMON   BANK0   BANK1   BANK2
      Params:         0       0       0       0
      Locals:         0       0       0       0
      Temps:          0       0       0       0
      Totals:         0       0       0       0
Total ram usage:        0 bytes
 Hardware stack levels used:    1
 Hardware stack levels required when called:    6
 This function calls:
		Nothing
 This function is called by:
		_LIS3D_write_register
		_SPI_Master_test
 This function uses a non-reentrant model


 *************** function _SYSTEM_Initialize *****************
 Defined at:
		line 50 in file "mcc_generated_files/mcc.c"
 Parameters:    Size  Location     Type
		None
 Auto vars:     Size  Location     Type
		None
 Return value:  Size  Location     Type
                  1    wreg      void 
 Registers used:
		wreg, status,2, status,0, pclath, cstack
 Tracked objects:
		On entry : 
		On exit  : 
		Unchanged: 
 Data sizes:     COMMON   BANK0   BANK1   BANK2
      Params:         0       0       0       0
      Locals:         0       0       0       0
      Temps:          0       0       0       0
      Totals:         0       0       0       0
Total ram usage:        0 bytes
 Hardware stack levels used:    1
 Hardware stack levels required when called:    8
 This function calls:
		_OSCILLATOR_Initialize
		_PIN_MANAGER_Initialize
		_PMD_Initialize
		_SPI1_Initialize
		_TMR0_Initialize
 This function is called by:
		_main
 This function uses a non-reentrant model


 *************** function _TMR0_Initialize *****************
 Defined at:
		line 67 in file "mcc_generated_files/tmr0.c"
 Parameters:    Size  Location     Type
		None
 Auto vars:     Size  Location     Type
		None
 Return value:  Size  Location     Type
                  1    wreg      void 
 Registers used:
		wreg, status,2, status,0, pclath, cstack
 Tracked objects:
		On entry : 
		On exit  : 
		Unchanged: 
 Data sizes:     COMMON   BANK0   BANK1   BANK2
      Params:         0       0       0       0
      Locals:         0       0       0       0
      Temps:          0       0       0       0
      Totals:         0       0       0       0
Total ram usage:        0 bytes
 Hardware stack levels used:    1
 Hardware stack levels required when called:    7
 This function calls:
		_TMR0_SetInterruptHandler
 This function is called by:
		_SYSTEM_Initialize
 This function uses a non-reentrant model


 *************** function _TMR0_SetInterruptHandler *****************
 Defined at:
		line 182 in file "mcc_generated_files/tmr0.c"
 Parameters:    Size  Location     Type
  InterruptHan    2    0[COMMON] PTR FTN()void 
		 -> TMR0_DefaultInterruptHandler(1), 
 Auto vars:     Size  Location     Type
		None
 Return value:  Size  Location     Type
                  1    wreg      void 
 Registers used:
		wreg
 Tracked objects:
		On entry : 
		On exit  : 
		Unchanged: 
 Data sizes:     COMMON   BANK0   BANK1   BANK2
      Params:         2       0       0       0
      Locals:         0       0       0       0
      Temps:          0       0       0       0
      Totals:         2       0       0       0
Total ram usage:        2 bytes
 Hardware stack levels used:    1
 Hardware stack levels required when called:    6
 This function calls:
		Nothing
 This function is called by:
		_TMR0_Initialize
 This function uses a non-reentrant model


 *************** function _SPI1_Initialize *****************
 Defined at:
		line 63 in file "mcc_generated_files/spi1.c"
 Parameters:    Size  Location     Type
		None
 Auto vars:     Size  Location     Type
		None
 Return value:  Size  Location     Type
                  1    wreg      void 
 Registers used:
		wreg
 Tracked objects:
		On entry : 
		On exit  : 
		Unchanged: 
 Data sizes:     COMMON   BANK0   BANK1   BANK2
      Params:         0       0       0       0
      Locals:         0       0       0       0
      Temps:          0       0       0       0
      Totals:         0       0       0       0
Total ram usage:        0 bytes
 Hardware stack levels used:    1
 Hardware stack levels required when called:    6
 This function calls:
		Nothing
 This function is called by:
		_SYSTEM_Initialize
 This function uses a non-reentrant model


 *************** function _PMD_Initialize *****************
 Defined at:
		line 75 in file "mcc_generated_files/mcc.c"
 Parameters:    Size  Location     Type
		None
 Auto vars:     Size  Location     Type
		None
 Return value:  Size  Location     Type
                  1    wreg      void 
 Registers used:
		status,2
 Tracked objects:
		On entry : 
		On exit  : 
		Unchanged: 
 Data sizes:     COMMON   BANK0   BANK1   BANK2
      Params:         0       0       0       0
      Locals:         0       0       0       0
      Temps:          0       0       0       0
      Totals:         0       0       0       0
Total ram usage:        0 bytes
 Hardware stack levels used:    1
 Hardware stack levels required when called:    6
 This function calls:
		Nothing
 This function is called by:
		_SYSTEM_Initialize
 This function uses a non-reentrant model


 *************** function _PIN_MANAGER_Initialize *****************
 Defined at:
		line 55 in file "mcc_generated_files/pin_manager.c"
 Parameters:    Size  Location     Type
		None
 Auto vars:     Size  Location     Type
		None
 Return value:  Size  Location     Type
                  1    wreg      void 
 Registers used:
		wreg, status,2
 Tracked objects:
		On entry : 
		On exit  : 
		Unchanged: 
 Data sizes:     COMMON   BANK0   BANK1   BANK2
      Params:         0       0       0       0
      Locals:         0       0       0       0
      Temps:          0       0       0       0
      Totals:         0       0       0       0
Total ram usage:        0 bytes
 Hardware stack levels used:    1
 Hardware stack levels required when called:    6
 This function calls:
		Nothing
 This function is called by:
		_SYSTEM_Initialize
 This function uses a non-reentrant model


 *************** function _OSCILLATOR_Initialize *****************
 Defined at:
		line 59 in file "mcc_generated_files/mcc.c"
 Parameters:    Size  Location     Type
		None
 Auto vars:     Size  Location     Type
		None
 Return value:  Size  Location     Type
                  1    wreg      void 
 Registers used:
		wreg, status,2
 Tracked objects:
		On entry : 
		On exit  : 
		Unchanged: 
 Data sizes:     COMMON   BANK0   BANK1   BANK2
      Params:         0       0       0       0
      Locals:         0       0       0       0
      Temps:          0       0       0       0
      Totals:         0       0       0       0
Total ram usage:        0 bytes
 Hardware stack levels used:    1
 Hardware stack levels required when called:    6
 This function calls:
		Nothing
 This function is called by:
		_SYSTEM_Initialize
 This function uses a non-reentrant model


 *************** function _Reset_Timer *****************
 Defined at:
		line 142 in file "mcc_generated_files/tmr0.c"
 Parameters:    Size  Location     Type
		None
 Auto vars:     Size  Location     Type
		None
 Return value:  Size  Location     Type
                  1    wreg      void 
 Registers used:
		wreg, status,2, status,0, pclath, cstack
 Tracked objects:
		On entry : 
		On exit  : 
		Unchanged: 
 Data sizes:     COMMON   BANK0   BANK1   BANK2
      Params:         0       0       0       0
      Locals:         0       0       0       0
      Temps:          0       0       0       0
      Totals:         0       0       0       0
Total ram usage:        0 bytes
 Hardware stack levels used:    1
 Hardware stack levels required when called:    7
 This function calls:
		_Reset_Count_Callback
		_TMR0_Reload
		_TMR0_StartTimer
		_TMR0_StopTimer
 This function is called by:
		_main
 This function uses a non-reentrant model


 *************** function _TMR0_StopTimer *****************
 Defined at:
		line 102 in file "mcc_generated_files/tmr0.c"
 Parameters:    Size  Location     Type
		None
 Auto vars:     Size  Location     Type
		None
 Return value:  Size  Location     Type
                  1    wreg      void 
 Registers used:
		None
 Tracked objects:
		On entry : 
		On exit  : 
		Unchanged: 
 Data sizes:     COMMON   BANK0   BANK1   BANK2
      Params:         0       0       0       0
      Locals:         0       0       0       0
      Temps:          0       0       0       0
      Totals:         0       0       0       0
Total ram usage:        0 bytes
 Hardware stack levels used:    1
 Hardware stack levels required when called:    6
 This function calls:
		Nothing
 This function is called by:
		_Reset_Timer
		_main
 This function uses a non-reentrant model


 *************** function _TMR0_StartTimer *****************
 Defined at:
		line 96 in file "mcc_generated_files/tmr0.c"
 Parameters:    Size  Location     Type
		None
 Auto vars:     Size  Location     Type
		None
 Return value:  Size  Location     Type
                  1    wreg      void 
 Registers used:
		None
 Tracked objects:
		On entry : 
		On exit  : 
		Unchanged: 
 Data sizes:     COMMON   BANK0   BANK1   BANK2
      Params:         0       0       0       0
      Locals:         0       0       0       0
      Temps:          0       0       0       0
      Totals:         0       0       0       0
Total ram usage:        0 bytes
 Hardware stack levels used:    1
 Hardware stack levels required when called:    6
 This function calls:
		Nothing
 This function is called by:
		_Reset_Timer
 This function uses a non-reentrant model


 *************** function _TMR0_Reload *****************
 Defined at:
		line 128 in file "mcc_generated_files/tmr0.c"
 Parameters:    Size  Location     Type
		None
 Auto vars:     Size  Location     Type
		None
 Return value:  Size  Location     Type
                  1    wreg      void 
 Registers used:
		wreg, status,2
 Tracked objects:
		On entry : 
		On exit  : 
		Unchanged: 
 Data sizes:     COMMON   BANK0   BANK1   BANK2
      Params:         0       0       0       0
      Locals:         0       0       0       0
      Temps:          0       0       0       0
      Totals:         0       0       0       0
Total ram usage:        0 bytes
 Hardware stack levels used:    1
 Hardware stack levels required when called:    6
 This function calls:
		Nothing
 This function is called by:
		_Reset_Timer
 This function uses a non-reentrant model


 *************** function _Reset_Count_Callback *****************
 Defined at:
		line 137 in file "mcc_generated_files/tmr0.c"
 Parameters:    Size  Location     Type
		None
 Auto vars:     Size  Location     Type
		None
 Return value:  Size  Location     Type
                  1    wreg      void 
 Registers used:
		status,2
 Tracked objects:
		On entry : 
		On exit  : 
		Unchanged: 
 Data sizes:     COMMON   BANK0   BANK1   BANK2
      Params:         0       0       0       0
      Locals:         0       0       0       0
      Temps:          0       0       0       0
      Totals:         0       0       0       0
Total ram usage:        0 bytes
 Hardware stack levels used:    1
 Hardware stack levels required when called:    6
 This function calls:
		Nothing
 This function is called by:
		_Reset_Timer
 This function uses a non-reentrant model


 *************** function _EXT_INT_Initialize *****************
 Defined at:
		line 71 in file "mcc_generated_files/ext_int.c"
 Parameters:    Size  Location     Type
		None
 Auto vars:     Size  Location     Type
		None
 Return value:  Size  Location     Type
                  1    wreg      void 
 Registers used:
		wreg, status,2, status,0, pclath, cstack
 Tracked objects:
		On entry : 
		On exit  : 
		Unchanged: 
 Data sizes:     COMMON   BANK0   BANK1   BANK2
      Params:         0       0       0       0
      Locals:         0       0       0       0
      Temps:          0       0       0       0
      Totals:         0       0       0       0
Total ram usage:        0 bytes
 Hardware stack levels used:    1
 Hardware stack levels required when called:    7
 This function calls:
		_INT_SetInterruptHandler
 This function is called by:
		_main
 This function uses a non-reentrant model


 *************** function _INT_SetInterruptHandler *****************
 Defined at:
		line 52 in file "mcc_generated_files/ext_int.c"
 Parameters:    Size  Location     Type
  InterruptHan    2    0[COMMON] PTR FTN()void 
		 -> INT_DefaultInterruptHandler(1), 
 Auto vars:     Size  Location     Type
		None
 Return value:  Size  Location     Type
                  1    wreg      void 
 Registers used:
		wreg
 Tracked objects:
		On entry : 
		On exit  : 
		Unchanged: 
 Data sizes:     COMMON   BANK0   BANK1   BANK2
      Params:         2       0       0       0
      Locals:         0       0       0       0
      Temps:          0       0       0       0
      Totals:         2       0       0       0
Total ram usage:        2 bytes
 Hardware stack levels used:    1
 Hardware stack levels required when called:    6
 This function calls:
		Nothing
 This function is called by:
		_EXT_INT_Initialize
 This function uses a non-reentrant model


 *************** function _INTERRUPT_InterruptManager *****************
 Defined at:
		line 52 in file "mcc_generated_files/interrupt_manager.c"
 Parameters:    Size  Location     Type
		None
 Auto vars:     Size  Location     Type
		None
 Return value:  Size  Location     Type
                  1    wreg      void 
 Registers used:
		wreg, status,2, status,0, pclath, cstack
 Tracked objects:
		On entry : 
		On exit  : 
		Unchanged: 
 Data sizes:     COMMON   BANK0   BANK1   BANK2
      Params:         0       0       0       0
      Locals:         0       0       0       0
      Temps:          0       0       0       0
      Totals:         0       0       0       0
Total ram usage:        0 bytes
 Hardware stack levels used:    1
 Hardware stack levels required when called:    5
 This function calls:
		_INT_ISR
		_TMR0_ISR
 This function is called by:
		Interrupt level 1
 This function uses a non-reentrant model


 *************** function _TMR0_ISR *****************
 Defined at:
		line 150 in file "mcc_generated_files/tmr0.c"
 Parameters:    Size  Location     Type
		None
 Auto vars:     Size  Location     Type
		None
 Return value:  Size  Location     Type
                  1    wreg      void 
 Registers used:
		wreg, status,2, status,0, pclath, cstack
 Tracked objects:
		On entry : 
		On exit  : 
		Unchanged: 
 Data sizes:     COMMON   BANK0   BANK1   BANK2
      Params:         0       0       0       0
      Locals:         0       0       0       0
      Temps:          0       0       0       0
      Totals:         0       0       0       0
Total ram usage:        0 bytes
 Hardware stack levels used:    1
 Hardware stack levels required when called:    3
 This function calls:
		_TMR0_CallBack
 This function is called by:
		_INTERRUPT_InterruptManager
 This function uses a non-reentrant model


 *************** function _TMR0_CallBack *****************
 Defined at:
		line 172 in file "mcc_generated_files/tmr0.c"
 Parameters:    Size  Location     Type
		None
 Auto vars:     Size  Location     Type
		None
 Return value:  Size  Location     Type
                  1    wreg      void 
 Registers used:
		wreg, status,2, status,0, pclath, cstack
 Tracked objects:
		On entry : 
		On exit  : 
		Unchanged: 
 Data sizes:     COMMON   BANK0   BANK1   BANK2
      Params:         0       0       0       0
      Locals:         0       0       0       0
      Temps:          0       0       0       0
      Totals:         0       0       0       0
Total ram usage:        0 bytes
 Hardware stack levels used:    1
 Hardware stack levels required when called:    2
 This function calls:
		Absolute function
		_TMR0_DefaultInterruptHandler
 This function is called by:
		_TMR0_ISR
 This function uses a non-reentrant model


 *************** function _TMR0_DefaultInterruptHandler *****************
 Defined at:
		line 188 in file "mcc_generated_files/tmr0.c"
 Parameters:    Size  Location     Type
		None
 Auto vars:     Size  Location     Type
		None
 Return value:  Size  Location     Type
                  1    wreg      void 
 Registers used:
		wreg, status,2, status,0, pclath, cstack
 Tracked objects:
		On entry : 
		On exit  : 
		Unchanged: 
 Data sizes:     COMMON   BANK0   BANK1   BANK2
      Params:         0       0       0       0
      Locals:         0       0       0       0
      Temps:          0       0       0       0
      Totals:         0       0       0       0
Total ram usage:        0 bytes
 Hardware stack levels used:    1
 Hardware stack levels required when called:    1
 This function calls:
		i1_TMR0_Reload
		i1_TMR0_StopTimer
 This function is called by:
		_TMR0_Initialize
		_TMR0_CallBack
 This function uses a non-reentrant model


 *************** function _INT_ISR *****************
 Defined at:
		line 34 in file "mcc_generated_files/ext_int.c"
 Parameters:    Size  Location     Type
		None
 Auto vars:     Size  Location     Type
		None
 Return value:  Size  Location     Type
                  1    wreg      void 
 Registers used:
		wreg, status,2, status,0, pclath, cstack
 Tracked objects:
		On entry : 
		On exit  : 
		Unchanged: 
 Data sizes:     COMMON   BANK0   BANK1   BANK2
      Params:         0       0       0       0
      Locals:         0       0       0       0
      Temps:          0       0       0       0
      Totals:         0       0       0       0
Total ram usage:        0 bytes
 Hardware stack levels used:    1
 Hardware stack levels required when called:    4
 This function calls:
		_INT_CallBack
 This function is called by:
		_INTERRUPT_InterruptManager
 This function uses a non-reentrant model


 *************** function _INT_CallBack *****************
 Defined at:
		line 43 in file "mcc_generated_files/ext_int.c"
 Parameters:    Size  Location     Type
		None
 Auto vars:     Size  Location     Type
		None
 Return value:  Size  Location     Type
                  1    wreg      void 
 Registers used:
		wreg, status,2, status,0, pclath, cstack
 Tracked objects:
		On entry : 
		On exit  : 
		Unchanged: 
 Data sizes:     COMMON   BANK0   BANK1   BANK2
      Params:         0       0       0       0
      Locals:         0       0       0       0
      Temps:          0       0       0       0
      Totals:         0       0       0       0
Total ram usage:        0 bytes
 Hardware stack levels used:    1
 Hardware stack levels required when called:    3
 This function calls:
		Absolute function
		_INT_DefaultInterruptHandler
 This function is called by:
		_INT_ISR
 This function uses a non-reentrant model


 *************** function _INT_DefaultInterruptHandler *****************
 Defined at:
		line 59 in file "mcc_generated_files/ext_int.c"
 Parameters:    Size  Location     Type
		None
 Auto vars:     Size  Location     Type
		None
 Return value:  Size  Location     Type
                  1    wreg      void 
 Registers used:
		wreg, status,2, status,0, pclath, cstack
 Tracked objects:
		On entry : 
		On exit  : 
		Unchanged: 
 Data sizes:     COMMON   BANK0   BANK1   BANK2
      Params:         0       0       0       0
      Locals:         0       0       0       0
      Temps:          0       0       0       0
      Totals:         0       0       0       0
Total ram usage:        0 bytes
 Hardware stack levels used:    1
 Hardware stack levels required when called:    2
 This function calls:
		i1_Reset_Timer
 This function is called by:
		_EXT_INT_Initialize
		_INT_CallBack
 This function uses a non-reentrant model


 *************** function i1_Reset_Timer *****************
 Defined at:
		line 142 in file "mcc_generated_files/tmr0.c"
 Parameters:    Size  Location     Type
		None
 Auto vars:     Size  Location     Type
		None
 Return value:  Size  Location     Type
                  1    wreg      void 
 Registers used:
		wreg, status,2, status,0, pclath, cstack
 Tracked objects:
		On entry : 
		On exit  : 
		Unchanged: 
 Data sizes:     COMMON   BANK0   BANK1   BANK2
      Params:         0       0       0       0
      Locals:         0       0       0       0
      Temps:          0       0       0       0
      Totals:         0       0       0       0
Total ram usage:        0 bytes
 Hardware stack levels used:    1
 Hardware stack levels required when called:    1
 This function calls:
		i1_Reset_Count_Callback
		i1_TMR0_Reload
		i1_TMR0_StartTimer
		i1_TMR0_StopTimer
 This function is called by:
		_INT_DefaultInterruptHandler
 This function uses a non-reentrant model


 *************** function i1_TMR0_StopTimer *****************
 Defined at:
		line 102 in file "mcc_generated_files/tmr0.c"
 Parameters:    Size  Location     Type
		None
 Auto vars:     Size  Location     Type
		None
 Return value:  Size  Location     Type
                  1    wreg      void 
 Registers used:
		None
 Tracked objects:
		On entry : 
		On exit  : 
		Unchanged: 
 Data sizes:     COMMON   BANK0   BANK1   BANK2
      Params:         0       0       0       0
      Locals:         0       0       0       0
      Temps:          0       0       0       0
      Totals:         0       0       0       0
Total ram usage:        0 bytes
 Hardware stack levels used:    1
 This function calls:
		Nothing
 This function is called by:
		_TMR0_DefaultInterruptHandler
		i1_Reset_Timer
 This function uses a non-reentrant model


 *************** function i1_TMR0_StartTimer *****************
 Defined at:
		line 96 in file "mcc_generated_files/tmr0.c"
 Parameters:    Size  Location     Type
		None
 Auto vars:     Size  Location     Type
		None
 Return value:  Size  Location     Type
                  1    wreg      void 
 Registers used:
		None
 Tracked objects:
		On entry : 
		On exit  : 
		Unchanged: 
 Data sizes:     COMMON   BANK0   BANK1   BANK2
      Params:         0       0       0       0
      Locals:         0       0       0       0
      Temps:          0       0       0       0
      Totals:         0       0       0       0
Total ram usage:        0 bytes
 Hardware stack levels used:    1
 This function calls:
		Nothing
 This function is called by:
		i1_Reset_Timer
 This function uses a non-reentrant model


 *************** function i1_TMR0_Reload *****************
 Defined at:
		line 128 in file "mcc_generated_files/tmr0.c"
 Parameters:    Size  Location     Type
		None
 Auto vars:     Size  Location     Type
		None
 Return value:  Size  Location     Type
                  1    wreg      void 
 Registers used:
		wreg, status,2
 Tracked objects:
		On entry : 
		On exit  : 
		Unchanged: 
 Data sizes:     COMMON   BANK0   BANK1   BANK2
      Params:         0       0       0       0
      Locals:         0       0       0       0
      Temps:          0       0       0       0
      Totals:         0       0       0       0
Total ram usage:        0 bytes
 Hardware stack levels used:    1
 This function calls:
		Nothing
 This function is called by:
		_TMR0_DefaultInterruptHandler
		i1_Reset_Timer
 This function uses a non-reentrant model


 *************** function i1_Reset_Count_Callback *****************
 Defined at:
		line 137 in file "mcc_generated_files/tmr0.c"
 Parameters:    Size  Location     Type
		None
 Auto vars:     Size  Location     Type
		None
 Return value:  Size  Location     Type
                  1    wreg      void 
 Registers used:
		status,2
 Tracked objects:
		On entry : 
		On exit  : 
		Unchanged: 
 Data sizes:     COMMON   BANK0   BANK1   BANK2
      Params:         0       0       0       0
      Locals:         0       0       0       0
      Temps:          0       0       0       0
      Totals:         0       0       0       0
Total ram usage:        0 bytes
 Hardware stack levels used:    1
 This function calls:
		Nothing
 This function is called by:
		i1_Reset_Timer
 This function uses a non-reentrant model



MODULE INFORMATION

Module		Function		Class		Link	Load	Size
mcc_generated_files/interrupt_manager.c
		_INTERRUPT_InterruptManager		CODE           	0004	0000	28

mcc_generated_files/interrupt_manager.c estimated size: 28

mcc_generated_files/tmr0.c
		_TMR0_SetInterruptHandler		CODE           	0287	0000	6
		_Reset_Count_Callback		CODE           	02A3	0000	4
		_Reset_Timer   		CODE           	020B	0000	13
		_TMR0_StopTimer		CODE           	02AE	0000	3
		_TMR0_Reload   		CODE           	025F	0000	9
		_TMR0_DefaultInterruptHandler		CODE           	024C	0000	10
		_TMR0_CallBack 		CODE           	0225	0000	13
		_TMR0_StartTimer		CODE           	02B1	0000	3
		_TMR0_ISR      		CODE           	014A	0000	31
		_TMR0_Initialize		CODE           	0169	0000	28

mcc_generated_files/tmr0.c estimated size: 120

mcc_generated_files/pin_manager.c
		_PIN_MANAGER_Initialize		CODE           	0185	0000	23

mcc_generated_files/pin_manager.c estimated size: 23

mcc_generated_files/spi1.c
		_SPI1_ExchangeBlock		CODE           	00BC	0000	42
		_SPI1_Open     		CODE           	0039	0000	80
		_SPI1_Initialize		CODE           	01B2	0000	22
		_SPI1_Close    		CODE           	02AB	0000	3

mcc_generated_files/spi1.c estimated size: 147

LIS3D.c
		_LIS3D_write_register		CODE           	00E6	0000	38

LIS3D.c estimated size: 38

mcc_generated_files/ext_int.c
		_INT_DefaultInterruptHandler		CODE           	01FD	0000	14
		_EXT_INT_Initialize		CODE           	0218	0000	13
		_INT_SetInterruptHandler		CODE           	028D	0000	6
		_INT_CallBack  		CODE           	0232	0000	13
		_INT_ISR       		CODE           	0293	0000	6

mcc_generated_files/ext_int.c estimated size: 52

mcc_generated_files/drivers/spi_master.c
		_spi_master_open		CODE           	019C	0000	22
		_MASTER0_open  		CODE           	029E	0000	5

mcc_generated_files/drivers/spi_master.c estimated size: 27

shared
		i1_TMR0_Reload 		CODE           	0268	0000	9
		i1_TMR0_StopTimer		CODE           	02B4	0000	3
		i1_Reset_Count_Callback		CODE           	02A7	0000	4
		i1_TMR0_StartTimer		CODE           	02B7	0000	3
		i1_Reset_Timer 		CODE           	023F	0000	13
		__initialization		CODE           	0021	0000	21
		_spiMaster     		STRCODE        	0000	0000	0
		_spi1_configuration		STRCODE        	0271	0000	8

shared estimated size: 61

mcc_generated_files/mcc.c
		_PMD_Initialize		CODE           	0279	0000	8
		_OSCILLATOR_Initialize		CODE           	0256	0000	9
		_SYSTEM_Initialize		CODE           	01ED	0000	16

mcc_generated_files/mcc.c estimated size: 33

main.c
		_main          		CODE           	0089	0000	51
		_wake_up_config		CODE           	010C	0000	31
		_detect_move_config		CODE           	012B	0000	31

main.c estimated size: 113

